<<<<<<< HEAD

=======
2025-04-13 08:42:11,880 - INFO - Starting 1 accounts...
2025-04-13 08:42:11,931 - ERROR - Request error: HTTPConnection.request() got an unexpected keyword argument 'json'
2025-04-13 08:42:11,977 - INFO - Waiting 14457ms...
2025-04-13 08:42:26,449 - INFO - Starting 1 accounts...
2025-04-13 08:42:26,492 - ERROR - Request error: HTTPConnection.request() got an unexpected keyword argument 'json'
2025-04-13 08:42:26,544 - INFO - Waiting 13388ms...
2025-04-13 08:42:39,938 - INFO - Starting 1 accounts...
2025-04-13 08:42:39,991 - ERROR - Request error: HTTPConnection.request() got an unexpected keyword argument 'json'
2025-04-13 08:42:40,044 - INFO - Created 0/1
2025-04-13 08:44:34,435 - INFO - Starting 1 accounts...
2025-04-13 08:44:34,489 - ERROR - Request error: HTTPConnection.request() got an unexpected keyword argument 'json'
2025-04-13 08:44:34,554 - INFO - Waiting 14895ms...
2025-04-13 08:44:49,466 - INFO - Starting 1 accounts...
2025-04-13 08:44:49,534 - ERROR - Request error: HTTPConnection.request() got an unexpected keyword argument 'json'
2025-04-13 08:44:49,576 - INFO - Waiting 14451ms...
2025-04-13 08:45:04,033 - INFO - Starting 1 accounts...
2025-04-13 08:45:04,091 - ERROR - Request error: HTTPConnection.request() got an unexpected keyword argument 'json'
2025-04-13 08:45:04,156 - INFO - Created 0/1
2025-04-13 08:50:23,592 - INFO - [+] Loaded referral code: YOUR_REFERRAL_CODE_HERE
2025-04-13 08:50:23,593 - ERROR - [-] proxies.txt not found
2025-04-13 08:50:28,105 - INFO - Starting 1 accounts...
2025-04-13 08:50:28,107 - WARNING - [!] No valid proxies available, proceeding without proxy
2025-04-13 08:50:28,107 - INFO - [+] Created email: user9204451@ptct.net
2025-04-13 08:50:28,108 - INFO - [*] Creating account: user9204451@ptct.net
2025-04-13 08:50:30,949 - INFO - [+] Successfully registered: user9204451@ptct.net
2025-04-13 08:50:30,950 - INFO - Waiting 2s...
2025-04-13 08:50:33,567 - ERROR - Request error: 500 Server Error: Internal Server Error for url: https://billipad.finance/api/login
2025-04-13 08:50:33,567 - ERROR - [-] Login failed for user9204451@ptct.net: 500 Server Error: Internal Server Error for url: https://billipad.finance/api/login
2025-04-13 08:50:33,569 - ERROR - [-] Account creation failed: 500 Server Error: Internal Server Error for url: https://billipad.finance/api/login
2025-04-13 08:50:33,570 - INFO - [-] Account 1 failed
2025-04-13 08:50:33,571 - INFO - 
[+] Done: 0 OK, 1 failed
2025-04-13 08:50:33,572 - INFO - [*] Saved to accounts.json
2025-04-13 08:50:33,572 - INFO - 
[!] 1 accounts left. Retry 1/3
2025-04-13 08:50:33,573 - INFO - Waiting 13452ms...
2025-04-13 08:50:47,039 - INFO - Starting 1 accounts...
2025-04-13 08:50:47,041 - WARNING - [!] No valid proxies available, proceeding without proxy
2025-04-13 08:50:47,042 - INFO - [+] Created email: user8033975@ptct.net
2025-04-13 08:50:47,043 - INFO - [*] Creating account: user8033975@ptct.net
2025-04-13 08:50:49,313 - INFO - [+] Successfully registered: user8033975@ptct.net
2025-04-13 08:50:49,321 - INFO - Waiting 2s...
2025-04-13 08:50:51,944 - ERROR - Request error: 500 Server Error: Internal Server Error for url: https://billipad.finance/api/login
2025-04-13 08:50:51,945 - ERROR - [-] Login failed for user8033975@ptct.net: 500 Server Error: Internal Server Error for url: https://billipad.finance/api/login
2025-04-13 08:50:51,946 - ERROR - [-] Account creation failed: 500 Server Error: Internal Server Error for url: https://billipad.finance/api/login
2025-04-13 08:50:51,947 - INFO - [-] Account 1 failed
2025-04-13 08:50:51,948 - INFO - 
[+] Done: 0 OK, 1 failed
2025-04-13 08:50:51,949 - INFO - [*] Saved to accounts.json
2025-04-13 08:50:51,949 - INFO - 
[!] 1 accounts left. Retry 2/3
2025-04-13 08:50:51,950 - INFO - Waiting 14085ms...
2025-04-13 08:51:06,044 - INFO - Starting 1 accounts...
2025-04-13 08:51:06,045 - WARNING - [!] No valid proxies available, proceeding without proxy
2025-04-13 08:51:06,045 - INFO - [+] Created email: user3803333@ptct.net
2025-04-13 08:51:06,046 - INFO - [*] Creating account: user3803333@ptct.net
2025-04-13 08:51:08,468 - INFO - [+] Successfully registered: user3803333@ptct.net
2025-04-13 08:51:08,469 - INFO - Waiting 2s...
2025-04-13 08:51:11,763 - INFO - Login data:
2025-04-13 08:51:11,770 - INFO - [+] Token from cookie
2025-04-13 08:51:11,770 - INFO - [+] Logged in: user3803333@ptct.net
2025-04-13 08:51:11,771 - INFO - [+] Token: eyJhbGciOiJIUzI1NiIs...
2025-04-13 08:51:11,772 - INFO - [*] User ID: 8bbd69af-01c6-4633-bcf5-b5f5e7557de9
2025-04-13 08:51:11,772 - INFO - Waiting 2s...
2025-04-13 08:51:14,385 - INFO - [+] Auth check OK
2025-04-13 08:51:16,012 - INFO - [+] Task 1 done for user: 8bbd69af-01c6-4633-bcf5-b5f5e7557de9
2025-04-13 08:51:18,864 - ERROR - Request error: 500 Server Error: Internal Server Error for url: https://billipad.finance/api/referral?userId=8bbd69af-01c6-4633-bcf5-b5f5e7557de9
2025-04-13 08:51:18,865 - ERROR - [-] Task 2 failed: 500 Server Error: Internal Server Error for url: https://billipad.finance/api/referral?userId=8bbd69af-01c6-4633-bcf5-b5f5e7557de9
2025-04-13 08:51:18,865 - ERROR - [-] Account creation failed: 500 Server Error: Internal Server Error for url: https://billipad.finance/api/referral?userId=8bbd69af-01c6-4633-bcf5-b5f5e7557de9
2025-04-13 08:51:18,867 - INFO - [-] Account 1 failed
2025-04-13 08:51:18,868 - INFO - 
[+] Done: 0 OK, 1 failed
2025-04-13 08:51:18,868 - INFO - [*] Saved to accounts.json
2025-04-13 08:51:18,869 - INFO - 
[!] 1 accounts left. Retry 3/3
2025-04-13 08:51:18,870 - INFO - 
[-] Failed to create all accounts after 3 retries
2025-04-13 08:51:18,871 - INFO - Created 0/1
2025-04-13 08:52:22,623 - INFO - [+] Loaded referral code: 05c138f7-3c98-41c0-af7d-8e7a4196cff6
2025-04-13 08:52:22,624 - ERROR - [-] proxies.txt not found
2025-04-13 08:52:24,770 - INFO - Starting 1 accounts...
2025-04-13 08:52:24,773 - WARNING - [!] No valid proxies available, proceeding without proxy
2025-04-13 08:52:24,773 - INFO - [+] Created email: user3425302@ptct.net
2025-04-13 08:52:24,775 - INFO - [*] Creating account: user3425302@ptct.net
2025-04-13 08:52:25,481 - ERROR - Request error: 500 Server Error: Internal Server Error for url: https://billipad.finance/api/signup
2025-04-13 08:52:25,482 - ERROR - [-] Registration failed for user3425302@ptct.net: 500 Server Error: Internal Server Error for url: https://billipad.finance/api/signup
2025-04-13 08:52:25,484 - ERROR - [-] Account creation failed: 500 Server Error: Internal Server Error for url: https://billipad.finance/api/signup
2025-04-13 08:52:25,485 - INFO - [-] Account 1 failed
2025-04-13 08:52:25,486 - INFO - 
[+] Done: 0 OK, 1 failed
2025-04-13 08:52:25,487 - INFO - [*] Saved to accounts.json
2025-04-13 08:52:25,488 - INFO - 
[!] 1 accounts left. Retry 1/3
2025-04-13 08:52:25,489 - INFO - Waiting 12081ms...
2025-04-13 08:52:37,579 - INFO - Starting 1 accounts...
2025-04-13 08:52:37,581 - WARNING - [!] No valid proxies available, proceeding without proxy
2025-04-13 08:52:37,582 - INFO - [+] Created email: user2243496@ptct.net
2025-04-13 08:52:37,583 - INFO - [*] Creating account: user2243496@ptct.net
2025-04-13 08:52:40,401 - INFO - [+] Successfully registered: user2243496@ptct.net
2025-04-13 08:52:40,403 - INFO - Waiting 2s...
2025-04-13 08:52:42,862 - ERROR - Request error: 500 Server Error: Internal Server Error for url: https://billipad.finance/api/login
2025-04-13 08:52:42,863 - ERROR - [-] Login failed for user2243496@ptct.net: 500 Server Error: Internal Server Error for url: https://billipad.finance/api/login
2025-04-13 08:52:42,864 - ERROR - [-] Account creation failed: 500 Server Error: Internal Server Error for url: https://billipad.finance/api/login
2025-04-13 08:52:42,866 - INFO - [-] Account 1 failed
2025-04-13 08:52:42,867 - INFO - 
[+] Done: 0 OK, 1 failed
2025-04-13 08:52:42,868 - INFO - [*] Saved to accounts.json
2025-04-13 08:52:42,869 - INFO - 
[!] 1 accounts left. Retry 2/3
2025-04-13 08:52:42,870 - INFO - Waiting 12161ms...
2025-04-13 08:52:55,037 - INFO - Starting 1 accounts...
2025-04-13 08:52:55,039 - WARNING - [!] No valid proxies available, proceeding without proxy
2025-04-13 08:52:55,042 - INFO - [+] Created email: user6000622@ptct.net
2025-04-13 08:52:55,043 - INFO - [*] Creating account: user6000622@ptct.net
2025-04-13 08:52:58,161 - INFO - [+] Successfully registered: user6000622@ptct.net
2025-04-13 08:52:58,162 - INFO - Waiting 2s...
2025-04-13 08:53:00,901 - INFO - Login data:
2025-04-13 08:53:00,912 - INFO - [+] Token from cookie
2025-04-13 08:53:00,913 - INFO - [+] Logged in: user6000622@ptct.net
2025-04-13 08:53:00,914 - INFO - [+] Token: eyJhbGciOiJIUzI1NiIs...
2025-04-13 08:53:00,914 - INFO - [*] User ID: 66f704f1-eb5d-42cb-9fbe-db7f6b5e5a4b
2025-04-13 08:53:00,915 - INFO - Waiting 2s...
2025-04-13 08:53:03,358 - INFO - [+] Auth check OK
2025-04-13 08:53:03,806 - ERROR - Request error: 500 Server Error: Internal Server Error for url: https://billipad.finance/api/referral?userId=66f704f1-eb5d-42cb-9fbe-db7f6b5e5a4b
2025-04-13 08:53:03,807 - ERROR - [-] Task 1 failed: 500 Server Error: Internal Server Error for url: https://billipad.finance/api/referral?userId=66f704f1-eb5d-42cb-9fbe-db7f6b5e5a4b
2025-04-13 08:53:03,808 - ERROR - [-] Account creation failed: 500 Server Error: Internal Server Error for url: https://billipad.finance/api/referral?userId=66f704f1-eb5d-42cb-9fbe-db7f6b5e5a4b
2025-04-13 08:53:03,809 - INFO - [-] Account 1 failed
2025-04-13 08:53:03,810 - INFO - 
[+] Done: 0 OK, 1 failed
2025-04-13 08:53:03,810 - INFO - [*] Saved to accounts.json
2025-04-13 08:53:03,811 - INFO - 
[!] 1 accounts left. Retry 3/3
2025-04-13 08:53:03,811 - INFO - 
[-] Failed to create all accounts after 3 retries
2025-04-13 08:53:03,812 - INFO - Created 0/1
2025-04-13 08:55:21,525 - INFO - [+] Loaded referral code: 05c138f7-3c98-41c0-af7d-8e7a4196cff6
2025-04-13 08:55:21,526 - ERROR - [-] proxies.txt not found
2025-04-13 08:55:28,412 - INFO - Starting 1 accounts...
2025-04-13 08:55:28,414 - INFO - 
[*] Account 1/1
2025-04-13 08:55:28,415 - WARNING - [!] No valid proxies available, proceeding without proxy
2025-04-13 08:55:28,416 - INFO - [+] Created email: user9594347@ptct.net
2025-04-13 08:55:28,418 - INFO - [*] Creating account: user9594347@ptct.net
2025-04-13 08:55:28,941 - ERROR - Request error: 500 Server Error: Internal Server Error for url: https://billipad.finance/api/signup
2025-04-13 08:55:28,943 - ERROR - [-] Registration failed for user9594347@ptct.net: 500 Server Error: Internal Server Error for url: https://billipad.finance/api/signup
2025-04-13 08:55:28,945 - ERROR - [-] Account creation failed: 500 Server Error: Internal Server Error for url: https://billipad.finance/api/signup
2025-04-13 08:55:28,946 - INFO - [-] Account 1 failed
2025-04-13 08:55:28,948 - INFO - 
[+] Done: 0 OK, 1 failed
2025-04-13 08:55:28,950 - INFO - [*] Saved to accounts.json
2025-04-13 08:55:28,951 - INFO - 
[!] 1 accounts left. Retry 1/3
2025-04-13 08:55:28,953 - INFO - Waiting 12797ms...
2025-04-13 08:55:41,752 - INFO - Starting 1 accounts...
2025-04-13 08:55:41,754 - INFO - 
[*] Account 1/1
2025-04-13 08:55:41,755 - WARNING - [!] No valid proxies available, proceeding without proxy
2025-04-13 08:55:41,757 - INFO - [+] Created email: user6218369@ptct.net
2025-04-13 08:55:41,759 - INFO - [*] Creating account: user6218369@ptct.net
2025-04-13 08:55:44,326 - INFO - [+] Successfully registered: user6218369@ptct.net
2025-04-13 08:55:44,328 - INFO - Waiting 2s...
2025-04-13 08:55:47,490 - INFO - Login data: userId=e077bb89-cb60-4469-ae10-70b70611af6e, hasToken=False
2025-04-13 08:55:47,492 - INFO - Cookies: Present
2025-04-13 08:55:47,493 - INFO - [+] Token from cookie
2025-04-13 08:55:47,494 - INFO - [+] Logged in: user6218369@ptct.net
2025-04-13 08:55:47,495 - INFO - [+] Token: eyJhbGciOiJIUzI1NiIs...
2025-04-13 08:55:47,496 - INFO - [*] User ID: e077bb89-cb60-4469-ae10-70b70611af6e
2025-04-13 08:55:47,497 - INFO - Waiting 2s...
2025-04-13 08:55:49,978 - INFO - [+] Auth check OK
2025-04-13 08:55:51,280 - INFO - [+] Task 1 done for user: e077bb89-cb60-4469-ae10-70b70611af6e
2025-04-13 08:55:52,902 - ERROR - Request error: 500 Server Error: Internal Server Error for url: https://billipad.finance/api/referral?userId=e077bb89-cb60-4469-ae10-70b70611af6e
2025-04-13 08:55:52,903 - ERROR - [-] Task 2 failed: 500 Server Error: Internal Server Error for url: https://billipad.finance/api/referral?userId=e077bb89-cb60-4469-ae10-70b70611af6e
2025-04-13 08:55:52,904 - ERROR - [-] Account creation failed: 500 Server Error: Internal Server Error for url: https://billipad.finance/api/referral?userId=e077bb89-cb60-4469-ae10-70b70611af6e
2025-04-13 08:55:52,905 - INFO - [-] Account 1 failed
2025-04-13 08:55:52,905 - INFO - 
[+] Done: 0 OK, 1 failed
2025-04-13 08:55:52,905 - INFO - [*] Saved to accounts.json
2025-04-13 08:55:52,906 - INFO - 
[!] 1 accounts left. Retry 2/3
2025-04-13 08:55:52,906 - INFO - Waiting 10247ms...
2025-04-13 08:56:03,154 - INFO - Starting 1 accounts...
2025-04-13 08:56:03,155 - INFO - 
[*] Account 1/1
2025-04-13 08:56:03,156 - WARNING - [!] No valid proxies available, proceeding without proxy
2025-04-13 08:56:03,157 - INFO - [+] Created email: user3853584@ptct.net
2025-04-13 08:56:03,157 - INFO - [*] Creating account: user3853584@ptct.net
2025-04-13 08:56:03,720 - ERROR - Request error: 500 Server Error: Internal Server Error for url: https://billipad.finance/api/signup
2025-04-13 08:56:03,721 - ERROR - [-] Registration failed for user3853584@ptct.net: 500 Server Error: Internal Server Error for url: https://billipad.finance/api/signup
2025-04-13 08:56:03,721 - ERROR - [-] Account creation failed: 500 Server Error: Internal Server Error for url: https://billipad.finance/api/signup
2025-04-13 08:56:03,723 - INFO - [-] Account 1 failed
2025-04-13 08:56:03,723 - INFO - 
[+] Done: 0 OK, 1 failed
2025-04-13 08:56:03,724 - INFO - [*] Saved to accounts.json
2025-04-13 08:56:03,724 - INFO - 
[!] 1 accounts left. Retry 3/3
2025-04-13 08:56:03,725 - INFO - 
[-] Failed to create all accounts after 3 retries
2025-04-13 08:56:03,726 - INFO - Created 0/1
2025-04-13 09:10:40,987 - INFO - [+] Loaded referral code: 05c138f7-3c98-41c0-af7d-8e7a4196cff6
2025-04-13 09:10:40,989 - INFO - [+] Created new accounts.json file
2025-04-13 09:10:52,610 - INFO - Starting 1 accounts...
2025-04-13 09:10:52,611 - INFO - 
[*] Account 1/1
2025-04-13 09:10:52,612 - WARNING - [!] No valid proxies available, proceeding without proxy
2025-04-13 09:10:52,613 - INFO - [+] Created email: user2980249@ptct.net
2025-04-13 09:10:52,613 - INFO - [*] Creating account: user2980249@ptct.net
2025-04-13 09:10:55,834 - INFO - [+] Successfully registered: user2980249@ptct.net
2025-04-13 09:10:55,835 - INFO - Waiting 2s...
2025-04-13 09:10:58,401 - WARNING - Request failed (attempt 1/3): 500 Server Error: Internal Server Error for url: https://billipad.finance/api/login. Retrying in 2s...
2025-04-13 09:11:01,661 - INFO - Login data: userId=fc6038c9-4739-4d99-b038-3fe57d5f6af0, hasToken=False
2025-04-13 09:11:01,663 - INFO - Cookies: Present
2025-04-13 09:11:01,664 - INFO - [+] Token from cookie
2025-04-13 09:11:01,665 - INFO - [+] Logged in: user2980249@ptct.net
2025-04-13 09:11:01,667 - INFO - [+] Token: eyJhbGciOiJIUzI1NiIs...
2025-04-13 09:11:01,668 - INFO - [*] User ID: fc6038c9-4739-4d99-b038-3fe57d5f6af0
2025-04-13 09:11:01,669 - INFO - Waiting 2s...
2025-04-13 09:11:04,158 - INFO - [+] Auth check OK
2025-04-13 09:11:04,629 - WARNING - Request failed (attempt 1/3): 500 Server Error: Internal Server Error for url: https://billipad.finance/api/referral?userId=fc6038c9-4739-4d99-b038-3fe57d5f6af0. Retrying in 2s...
2025-04-13 09:11:07,084 - WARNING - Request failed (attempt 2/3): 500 Server Error: Internal Server Error for url: https://billipad.finance/api/referral?userId=fc6038c9-4739-4d99-b038-3fe57d5f6af0. Retrying in 4s...
2025-04-13 09:11:11,543 - ERROR - Request error after 3 attempts: 500 Server Error: Internal Server Error for url: https://billipad.finance/api/referral?userId=fc6038c9-4739-4d99-b038-3fe57d5f6af0
2025-04-13 09:11:11,546 - WARNING - [-] Task 1 failed (attempt 1/3): 500 Server Error: Internal Server Error for url: https://billipad.finance/api/referral?userId=fc6038c9-4739-4d99-b038-3fe57d5f6af0. Retrying in 5s...
2025-04-13 09:11:18,072 - INFO - [+] Task 1 done for user: fc6038c9-4739-4d99-b038-3fe57d5f6af0
2025-04-13 09:11:21,616 - INFO - [+] Task 2 done for user: fc6038c9-4739-4d99-b038-3fe57d5f6af0
2025-04-13 09:11:23,990 - WARNING - Request failed (attempt 1/3): 500 Server Error: Internal Server Error for url: https://billipad.finance/api/referral?userId=fc6038c9-4739-4d99-b038-3fe57d5f6af0. Retrying in 2s...
2025-04-13 09:11:27,671 - INFO - [+] Task 3 done for user: fc6038c9-4739-4d99-b038-3fe57d5f6af0
2025-04-13 09:11:29,521 - WARNING - Request failed (attempt 1/3): 500 Server Error: Internal Server Error for url: https://billipad.finance/api/referral?userId=fc6038c9-4739-4d99-b038-3fe57d5f6af0. Retrying in 2s...
2025-04-13 09:11:31,990 - WARNING - Request failed (attempt 2/3): 500 Server Error: Internal Server Error for url: https://billipad.finance/api/referral?userId=fc6038c9-4739-4d99-b038-3fe57d5f6af0. Retrying in 4s...
2025-04-13 09:11:36,481 - ERROR - Request error after 3 attempts: 500 Server Error: Internal Server Error for url: https://billipad.finance/api/referral?userId=fc6038c9-4739-4d99-b038-3fe57d5f6af0
2025-04-13 09:11:36,482 - WARNING - [-] Task 4 failed (attempt 1/3): 500 Server Error: Internal Server Error for url: https://billipad.finance/api/referral?userId=fc6038c9-4739-4d99-b038-3fe57d5f6af0. Retrying in 5s...
2025-04-13 09:11:41,900 - WARNING - Request failed (attempt 1/3): 500 Server Error: Internal Server Error for url: https://billipad.finance/api/referral?userId=fc6038c9-4739-4d99-b038-3fe57d5f6af0. Retrying in 2s...
2025-04-13 09:11:45,253 - INFO - [+] Task 4 done for user: fc6038c9-4739-4d99-b038-3fe57d5f6af0
2025-04-13 09:11:48,760 - INFO - [+] Task 5 done for user: fc6038c9-4739-4d99-b038-3fe57d5f6af0
2025-04-13 09:12:00,950 - WARNING - Request failed (attempt 1/3): 504 Server Error: Gateway Timeout for url: https://billipad.finance/api/referral?userId=fc6038c9-4739-4d99-b038-3fe57d5f6af0. Retrying in 2s...
2025-04-13 09:12:03,418 - WARNING - Request failed (attempt 2/3): 500 Server Error: Internal Server Error for url: https://billipad.finance/api/referral?userId=fc6038c9-4739-4d99-b038-3fe57d5f6af0. Retrying in 4s...
2025-04-13 09:12:07,920 - ERROR - Request error after 3 attempts: 500 Server Error: Internal Server Error for url: https://billipad.finance/api/referral?userId=fc6038c9-4739-4d99-b038-3fe57d5f6af0
2025-04-13 09:12:07,922 - WARNING - [-] Task 6 failed (attempt 1/3): 500 Server Error: Internal Server Error for url: https://billipad.finance/api/referral?userId=fc6038c9-4739-4d99-b038-3fe57d5f6af0. Retrying in 5s...
2025-04-13 09:12:13,441 - WARNING - Request failed (attempt 1/3): 500 Server Error: Internal Server Error for url: https://billipad.finance/api/referral?userId=fc6038c9-4739-4d99-b038-3fe57d5f6af0. Retrying in 2s...
2025-04-13 09:12:17,271 - INFO - [+] Task 6 done for user: fc6038c9-4739-4d99-b038-3fe57d5f6af0
2025-04-13 09:12:19,332 - WARNING - Request failed (attempt 1/3): 400 Client Error: Bad Request for url: https://billipad.finance/api/referral?userId=fc6038c9-4739-4d99-b038-3fe57d5f6af0. Retrying in 2s...
2025-04-13 09:12:21,770 - WARNING - Request failed (attempt 2/3): 400 Client Error: Bad Request for url: https://billipad.finance/api/referral?userId=fc6038c9-4739-4d99-b038-3fe57d5f6af0. Retrying in 4s...
2025-04-13 09:12:26,390 - ERROR - Request error after 3 attempts: 400 Client Error: Bad Request for url: https://billipad.finance/api/referral?userId=fc6038c9-4739-4d99-b038-3fe57d5f6af0
2025-04-13 09:12:26,391 - WARNING - [-] Task 7 failed (attempt 1/3): 400 Client Error: Bad Request for url: https://billipad.finance/api/referral?userId=fc6038c9-4739-4d99-b038-3fe57d5f6af0. Retrying in 5s...
2025-04-13 09:12:31,913 - WARNING - Request failed (attempt 1/3): 500 Server Error: Internal Server Error for url: https://billipad.finance/api/referral?userId=fc6038c9-4739-4d99-b038-3fe57d5f6af0. Retrying in 2s...
2025-04-13 09:12:34,400 - WARNING - Request failed (attempt 2/3): 500 Server Error: Internal Server Error for url: https://billipad.finance/api/referral?userId=fc6038c9-4739-4d99-b038-3fe57d5f6af0. Retrying in 4s...
2025-04-13 09:12:38,901 - ERROR - Request error after 3 attempts: 400 Client Error: Bad Request for url: https://billipad.finance/api/referral?userId=fc6038c9-4739-4d99-b038-3fe57d5f6af0
2025-04-13 09:12:38,902 - WARNING - [-] Task 7 failed (attempt 2/3): 400 Client Error: Bad Request for url: https://billipad.finance/api/referral?userId=fc6038c9-4739-4d99-b038-3fe57d5f6af0. Retrying in 10s...
2025-04-13 09:12:49,451 - WARNING - Request failed (attempt 1/3): 400 Client Error: Bad Request for url: https://billipad.finance/api/referral?userId=fc6038c9-4739-4d99-b038-3fe57d5f6af0. Retrying in 2s...
2025-04-13 09:12:51,931 - WARNING - Request failed (attempt 2/3): 400 Client Error: Bad Request for url: https://billipad.finance/api/referral?userId=fc6038c9-4739-4d99-b038-3fe57d5f6af0. Retrying in 4s...
2025-04-13 09:12:56,481 - ERROR - Request error after 3 attempts: 400 Client Error: Bad Request for url: https://billipad.finance/api/referral?userId=fc6038c9-4739-4d99-b038-3fe57d5f6af0
2025-04-13 09:12:56,482 - ERROR - [-] Task 7 failed after 3 attempts: 400 Client Error: Bad Request for url: https://billipad.finance/api/referral?userId=fc6038c9-4739-4d99-b038-3fe57d5f6af0
2025-04-13 09:12:56,483 - ERROR - [-] Failed to complete task 7: 400 Client Error: Bad Request for url: https://billipad.finance/api/referral?userId=fc6038c9-4739-4d99-b038-3fe57d5f6af0
2025-04-13 09:12:56,484 - WARNING - [!] Only completed 6/7 tasks
2025-04-13 09:12:56,543 - INFO - [*] Wallet: 0xef4Bd1A89Df4819542112e41B381075BA8C87208
2025-04-13 09:12:57,430 - INFO - [+] Withdrawal address set for user: fc6038c9-4739-4d99-b038-3fe57d5f6af0
2025-04-13 09:12:57,434 - INFO - [+] Saved 1 accounts to accounts.json
2025-04-13 09:12:57,435 - INFO - [+] Account created: user2980249@ptct.net
2025-04-13 09:12:57,435 - INFO - [+] Account 1 done
2025-04-13 09:12:57,436 - INFO - 
[+] Done: 1 OK, 0 failed
2025-04-13 09:12:57,436 - INFO - [*] Saved to accounts.json
2025-04-13 09:12:57,437 - INFO - 
[+] All 1 accounts created
2025-04-13 09:18:05,048 - INFO - [+] Loaded referral code: 05c138f7-3c98-41c0-af7d-8e7a4196cff6
2025-04-13 09:18:05,049 - WARNING - [!] No proxies found in proxies.txt
2025-04-13 09:18:05,049 - WARNING - [!] No proxies loaded. The script will run without proxies.
2025-04-13 09:18:41,415 - INFO - [+] Loaded referral code: 05c138f7-3c98-41c0-af7d-8e7a4196cff6
2025-04-13 09:18:41,416 - WARNING - [!] No proxies found in proxies.txt
2025-04-13 09:18:41,416 - WARNING - [!] No proxies loaded. The script will run without proxies.
2025-04-13 09:19:05,762 - INFO - [+] Loaded 1 existing accounts from accounts.json
2025-04-13 09:19:10,596 - INFO - Starting 1 accounts...
2025-04-13 09:19:10,597 - INFO - 
[*] Account 1/1
2025-04-13 09:19:10,598 - WARNING - [!] No valid proxies available, proceeding without proxy
2025-04-13 09:19:10,600 - INFO - [+] Created email: user4553817@ptct.net
2025-04-13 09:19:10,601 - INFO - [*] Creating account: user4553817@ptct.net
2025-04-13 09:19:11,423 - WARNING - Request failed (attempt 1/3): 500 Server Error: Internal Server Error for url: https://billipad.finance/api/signup. Retrying in 2s...
2025-04-13 09:19:16,149 - INFO - [+] Successfully registered: user4553817@ptct.net
2025-04-13 09:19:16,150 - INFO - Waiting 2s...
2025-04-13 09:19:19,379 - INFO - Login data: userId=8b6105ad-834b-4d8d-8a35-8cc390d3aac9, hasToken=False
2025-04-13 09:19:19,381 - INFO - Cookies: Present
2025-04-13 09:19:19,382 - INFO - [+] Token from cookie
2025-04-13 09:19:19,383 - INFO - [+] Logged in: user4553817@ptct.net
2025-04-13 09:19:19,384 - INFO - [+] Token: eyJhbGciOiJIUzI1NiIs...
2025-04-13 09:19:19,386 - INFO - [*] User ID: 8b6105ad-834b-4d8d-8a35-8cc390d3aac9
2025-04-13 09:19:19,386 - INFO - Waiting 2s...
2025-04-13 09:19:21,909 - INFO - [+] Auth check OK
2025-04-13 09:19:22,932 - WARNING - Request failed (attempt 1/3): 500 Server Error: Internal Server Error for url: https://billipad.finance/api/referral?userId=8b6105ad-834b-4d8d-8a35-8cc390d3aac9. Retrying in 2s...
2025-04-13 09:19:25,399 - WARNING - Request failed (attempt 2/3): 500 Server Error: Internal Server Error for url: https://billipad.finance/api/referral?userId=8b6105ad-834b-4d8d-8a35-8cc390d3aac9. Retrying in 4s...
2025-04-13 09:19:31,194 - INFO - [+] Task 1 done for user: 8b6105ad-834b-4d8d-8a35-8cc390d3aac9
2025-04-13 09:19:33,783 - INFO - [+] Task 2 done for user: 8b6105ad-834b-4d8d-8a35-8cc390d3aac9
2025-04-13 09:19:35,467 - WARNING - Request failed (attempt 1/3): 500 Server Error: Internal Server Error for url: https://billipad.finance/api/referral?userId=8b6105ad-834b-4d8d-8a35-8cc390d3aac9. Retrying in 2s...
2025-04-13 09:19:39,027 - INFO - [+] Task 3 done for user: 8b6105ad-834b-4d8d-8a35-8cc390d3aac9
2025-04-13 09:19:40,497 - WARNING - Request failed (attempt 1/3): 500 Server Error: Internal Server Error for url: https://billipad.finance/api/referral?userId=8b6105ad-834b-4d8d-8a35-8cc390d3aac9. Retrying in 2s...
2025-04-13 09:19:44,207 - INFO - [+] Task 4 done for user: 8b6105ad-834b-4d8d-8a35-8cc390d3aac9
2025-04-13 09:19:47,901 - INFO - [+] Task 5 done for user: 8b6105ad-834b-4d8d-8a35-8cc390d3aac9
2025-04-13 09:19:50,788 - INFO - [+] Task 6 done for user: 8b6105ad-834b-4d8d-8a35-8cc390d3aac9
2025-04-13 09:19:53,108 - WARNING - Request failed (attempt 1/3): 400 Client Error: Bad Request for url: https://billipad.finance/api/referral?userId=8b6105ad-834b-4d8d-8a35-8cc390d3aac9. Retrying in 2s...
2025-04-13 09:19:55,594 - WARNING - Request failed (attempt 2/3): 500 Server Error: Internal Server Error for url: https://billipad.finance/api/referral?userId=8b6105ad-834b-4d8d-8a35-8cc390d3aac9. Retrying in 4s...
2025-04-13 09:20:00,157 - ERROR - Request error after 3 attempts: 400 Client Error: Bad Request for url: https://billipad.finance/api/referral?userId=8b6105ad-834b-4d8d-8a35-8cc390d3aac9
2025-04-13 09:20:00,159 - WARNING - [-] Task 7 failed (attempt 1/3): 400 Client Error: Bad Request for url: https://billipad.finance/api/referral?userId=8b6105ad-834b-4d8d-8a35-8cc390d3aac9. Retrying in 5s...
2025-04-13 09:20:06,071 - WARNING - Request failed (attempt 1/3): 500 Server Error: Internal Server Error for url: https://billipad.finance/api/referral?userId=8b6105ad-834b-4d8d-8a35-8cc390d3aac9. Retrying in 2s...
2025-04-13 09:20:08,638 - WARNING - Request failed (attempt 2/3): 400 Client Error: Bad Request for url: https://billipad.finance/api/referral?userId=8b6105ad-834b-4d8d-8a35-8cc390d3aac9. Retrying in 4s...
2025-04-13 09:20:13,154 - ERROR - Request error after 3 attempts: 400 Client Error: Bad Request for url: https://billipad.finance/api/referral?userId=8b6105ad-834b-4d8d-8a35-8cc390d3aac9
2025-04-13 09:20:13,156 - WARNING - [-] Task 7 failed (attempt 2/3): 400 Client Error: Bad Request for url: https://billipad.finance/api/referral?userId=8b6105ad-834b-4d8d-8a35-8cc390d3aac9. Retrying in 10s...
2025-04-13 09:20:23,630 - WARNING - Request failed (attempt 1/3): 400 Client Error: Bad Request for url: https://billipad.finance/api/referral?userId=8b6105ad-834b-4d8d-8a35-8cc390d3aac9. Retrying in 2s...
2025-04-13 09:20:26,064 - WARNING - Request failed (attempt 2/3): 400 Client Error: Bad Request for url: https://billipad.finance/api/referral?userId=8b6105ad-834b-4d8d-8a35-8cc390d3aac9. Retrying in 4s...
2025-04-13 09:20:30,555 - ERROR - Request error after 3 attempts: 500 Server Error: Internal Server Error for url: https://billipad.finance/api/referral?userId=8b6105ad-834b-4d8d-8a35-8cc390d3aac9
2025-04-13 09:20:30,555 - ERROR - [-] Task 7 failed after 3 attempts: 500 Server Error: Internal Server Error for url: https://billipad.finance/api/referral?userId=8b6105ad-834b-4d8d-8a35-8cc390d3aac9
2025-04-13 09:20:30,555 - ERROR - [-] Failed to complete task 7: 500 Server Error: Internal Server Error for url: https://billipad.finance/api/referral?userId=8b6105ad-834b-4d8d-8a35-8cc390d3aac9
2025-04-13 09:20:30,556 - WARNING - [!] Only completed 6/7 tasks
2025-04-13 09:20:30,560 - INFO - [*] Wallet: 0x14dBB37f9AddB68B249831Db19d0078395D900Dc
2025-04-13 09:20:31,141 - INFO - [+] Withdrawal address set for user: 8b6105ad-834b-4d8d-8a35-8cc390d3aac9
2025-04-13 09:20:31,143 - INFO - [+] Saved 2 accounts to accounts.json
2025-04-13 09:20:31,143 - INFO - [+] Account created: user4553817@ptct.net
2025-04-13 09:20:31,143 - INFO - [+] Account 1 done
2025-04-13 09:20:31,143 - INFO - 
[+] Done: 1 OK, 0 failed
2025-04-13 09:20:31,143 - INFO - [*] Saved to accounts.json
2025-04-13 09:20:31,144 - INFO - 
[+] All 1 accounts created
2025-04-13 09:21:56,338 - INFO - [+] Loaded referral code: 05c138f7-3c98-41c0-af7d-8e7a4196cff6
2025-04-13 09:21:56,339 - WARNING - [!] No proxies found in proxies.txt
2025-04-13 09:21:56,340 - WARNING - [!] No proxies loaded. The script will run without proxies.
2025-04-13 09:27:49,634 - INFO - [+] Loaded referral code: 05c138f7-3c98-41c0-af7d-8e7a4196cff6
2025-04-13 09:27:49,635 - WARNING - [!] No proxies found in proxies.txt
2025-04-13 09:27:49,636 - WARNING - [!] No proxies loaded. The script will run without proxies.
2025-04-13 09:27:55,577 - INFO - [+] Loaded 2 existing accounts from accounts.json
2025-04-13 09:27:57,422 - INFO - Starting 1 accounts...
2025-04-13 09:27:57,423 - INFO - 
[*] Account 1/1
2025-04-13 09:27:57,424 - WARNING - [!] No valid proxies available, proceeding without proxy
2025-04-13 09:27:57,425 - INFO - [+] Created email: user5506764@ptct.net
2025-04-13 09:27:57,425 - INFO - [*] Creating account: user5506764@ptct.net
2025-04-13 09:27:58,219 - WARNING - Request failed (attempt 1/3): 402 Client Error: Payment Required for url: https://billipad.finance/api/signup. Retrying in 2s...
2025-04-13 09:28:00,573 - WARNING - Request failed (attempt 2/3): 402 Client Error: Payment Required for url: https://billipad.finance/api/signup. Retrying in 4s...
2025-04-13 09:28:04,910 - ERROR - Request error after 3 attempts: 402 Client Error: Payment Required for url: https://billipad.finance/api/signup
2025-04-13 09:28:04,911 - ERROR - [-] Registration failed for user5506764@ptct.net: 402 Client Error: Payment Required for url: https://billipad.finance/api/signup
2025-04-13 09:28:04,912 - ERROR - [-] Account creation failed: 402 Client Error: Payment Required for url: https://billipad.finance/api/signup
2025-04-13 09:28:04,913 - INFO - [-] Account 1 failed
2025-04-13 09:28:04,914 - INFO - 
[+] Done: 0 OK, 1 failed
2025-04-13 09:28:04,914 - INFO - [*] Saved to accounts.json
2025-04-13 09:28:04,915 - INFO - 
[!] 1 accounts left. Retry 1/3
2025-04-13 09:28:04,915 - INFO - Waiting 11035ms...
2025-04-13 09:28:15,951 - INFO - Starting 1 accounts...
2025-04-13 09:28:15,952 - INFO - 
[*] Account 1/1
2025-04-13 09:28:15,952 - WARNING - [!] No valid proxies available, proceeding without proxy
2025-04-13 09:28:15,953 - INFO - [+] Created email: user6503912@ptct.net
2025-04-13 09:28:15,953 - INFO - [*] Creating account: user6503912@ptct.net
2025-04-13 09:28:16,310 - WARNING - Request failed (attempt 1/3): 402 Client Error: Payment Required for url: https://billipad.finance/api/signup. Retrying in 2s...
2025-04-13 09:28:18,635 - WARNING - Request failed (attempt 2/3): 402 Client Error: Payment Required for url: https://billipad.finance/api/signup. Retrying in 4s...
2025-04-13 09:28:22,990 - ERROR - Request error after 3 attempts: 402 Client Error: Payment Required for url: https://billipad.finance/api/signup
2025-04-13 09:28:22,992 - ERROR - [-] Registration failed for user6503912@ptct.net: 402 Client Error: Payment Required for url: https://billipad.finance/api/signup
2025-04-13 09:28:22,992 - ERROR - [-] Account creation failed: 402 Client Error: Payment Required for url: https://billipad.finance/api/signup
2025-04-13 09:28:22,993 - INFO - [-] Account 1 failed
2025-04-13 09:28:22,995 - INFO - 
[+] Done: 0 OK, 1 failed
2025-04-13 09:28:22,996 - INFO - [*] Saved to accounts.json
2025-04-13 09:28:22,997 - INFO - 
[!] 1 accounts left. Retry 2/3
2025-04-13 09:28:22,998 - INFO - Waiting 12280ms...
2025-04-13 09:28:35,280 - INFO - Starting 1 accounts...
2025-04-13 09:28:35,281 - INFO - 
[*] Account 1/1
2025-04-13 09:28:35,282 - WARNING - [!] No valid proxies available, proceeding without proxy
2025-04-13 09:28:35,283 - INFO - [+] Created email: user6709324@ptct.net
2025-04-13 09:28:35,284 - INFO - [*] Creating account: user6709324@ptct.net
2025-04-13 09:28:35,601 - WARNING - Request failed (attempt 1/3): 402 Client Error: Payment Required for url: https://billipad.finance/api/signup. Retrying in 2s...
2025-04-13 09:28:37,904 - WARNING - Request failed (attempt 2/3): 402 Client Error: Payment Required for url: https://billipad.finance/api/signup. Retrying in 4s...
2025-04-13 09:28:42,270 - ERROR - Request error after 3 attempts: 402 Client Error: Payment Required for url: https://billipad.finance/api/signup
2025-04-13 09:28:42,271 - ERROR - [-] Registration failed for user6709324@ptct.net: 402 Client Error: Payment Required for url: https://billipad.finance/api/signup
2025-04-13 09:28:42,272 - ERROR - [-] Account creation failed: 402 Client Error: Payment Required for url: https://billipad.finance/api/signup
2025-04-13 09:28:42,273 - INFO - [-] Account 1 failed
2025-04-13 09:28:42,273 - INFO - 
[+] Done: 0 OK, 1 failed
2025-04-13 09:28:42,274 - INFO - [*] Saved to accounts.json
2025-04-13 09:28:42,275 - INFO - 
[!] 1 accounts left. Retry 3/3
2025-04-13 09:28:42,276 - INFO - 
[-] Failed to create all accounts after 3 retries
2025-04-13 09:28:42,276 - INFO - Created 0/1
2025-04-13 09:34:00,644 - INFO - [+] Loaded referral code: 05c138f7-3c98-41c0-af7d-8e7a4196cff6
2025-04-13 09:34:00,645 - WARNING - [!] No proxies found in proxies.txt
2025-04-13 09:34:00,646 - WARNING - [!] No proxies loaded. The script will run without proxies.
2025-04-13 09:34:34,144 - INFO - [*] Exiting script as requested.
2025-04-13 09:37:40,027 - INFO - [+] Loaded referral code: 05c138f7-3c98-41c0-af7d-8e7a4196cff6
2025-04-13 09:37:40,028 - WARNING - [!] No proxies found in proxies.txt
2025-04-13 09:37:40,029 - WARNING - [!] No proxies loaded. The script will run without proxies.
2025-04-13 09:37:49,664 - INFO - [+] Loaded referral code: 05c138f7-3c98-41c0-af7d-8e7a4196cff6
2025-04-13 09:37:49,665 - WARNING - [!] No proxies found in proxies.txt
2025-04-13 09:37:49,666 - WARNING - [!] No proxies loaded. The script will run without proxies.
2025-04-13 09:37:53,072 - INFO - [*] Exiting script as requested.
2025-04-13 09:38:20,325 - INFO - [+] Loaded referral code: 05c138f7-3c98-41c0-af7d-8e7a4196cff6
2025-04-13 09:38:20,326 - WARNING - [!] No proxies found in proxies.txt
2025-04-13 09:38:20,327 - WARNING - [!] No proxies loaded. The script will run without proxies.
2025-04-13 09:38:39,200 - INFO - [+] Loaded referral code: 05c138f7-3c98-41c0-af7d-8e7a4196cff6
2025-04-13 09:38:39,201 - WARNING - [!] No proxies found in proxies.txt
2025-04-13 09:38:39,201 - WARNING - [!] No proxies loaded. The script will run without proxies.
2025-04-13 09:38:45,384 - INFO - [*] Exiting script as requested.
2025-04-13 09:40:24,391 - INFO - [+] Loaded referral code: 05c138f7-3c98-41c0-af7d-8e7a4196cff6
2025-04-13 09:40:24,392 - INFO - [*] Raw file content: ''
2025-04-13 09:40:24,393 - INFO - [*] Found 0 non-empty lines in proxies.txt
2025-04-13 09:40:24,393 - WARNING - [!] No proxies found in proxies.txt
2025-04-13 09:40:24,394 - WARNING - [!] No proxies loaded. The script will run without proxies.
2025-04-13 09:40:39,426 - INFO - [+] Loaded referral code: 05c138f7-3c98-41c0-af7d-8e7a4196cff6
2025-04-13 09:40:39,427 - INFO - [*] Raw file content: ''
2025-04-13 09:40:39,427 - INFO - [*] Found 0 non-empty lines in proxies.txt
2025-04-13 09:40:39,428 - WARNING - [!] No proxies found in proxies.txt
2025-04-13 09:40:39,428 - WARNING - [!] No proxies loaded. The script will run without proxies.
2025-04-13 09:41:41,351 - INFO - [+] Loaded referral code: 05c138f7-3c98-41c0-af7d-8e7a4196cff6
2025-04-13 09:41:41,352 - INFO - [*] Raw file content: 'bsjxixgn:gsx3ekjhuord@38.153.152.244:9594 '
2025-04-13 09:41:41,353 - INFO - [*] Found 1 non-empty lines in proxies.txt
2025-04-13 09:41:41,353 - INFO - [*] Line 1: 'bsjxixgn:gsx3ekjhuord@38.153.152.244:9594'
2025-04-13 09:41:41,353 - INFO - [*] Processing proxy line: bsjxixgn:gsx3ekjhuord@38.153.152.244:9594
2025-04-13 09:41:41,354 - INFO - [+] Parsed proxy: 38.153.152.244:9594 with auth
2025-04-13 09:41:41,354 - INFO - [+] Added proxy: http://bsjxixgn:gsx3ekjhuord@38.153.152.244:9594
2025-04-13 09:41:41,355 - INFO - [+] Successfully loaded 1 proxies
2025-04-13 09:41:41,355 - INFO - [+] Successfully loaded 1 proxies
2025-04-13 09:41:41,355 - INFO - [+] Proxy 1: http://bsjxixgn:gsx3ekjhuord@38.153.152.244:9594
2025-04-13 09:41:41,356 - INFO - [+] Loaded 2 existing accounts from accounts.json
2025-04-13 09:41:41,356 - INFO - [*] Using proxy: http://bsjxixgn:gsx3ekjhuord@38.153.152.244:9594
2025-04-13 09:41:41,357 - INFO - [*] Testing website accessibility with proxy: http://bsjxixgn:gsx3ekjhuord@38.153.152.244:9594
2025-04-13 09:41:46,117 - WARNING - [!] Website returned status code 402
2025-04-13 09:42:05,358 - INFO - Starting 1 accounts...
2025-04-13 09:42:05,358 - INFO - 
[*] Account 1/1
2025-04-13 09:42:05,359 - INFO - [*] Using proxy: http://bsjxixgn:gsx3ekjhuord@38.153.152.244:9594
2025-04-13 09:42:05,359 - INFO - [+] Created email: user7690252@ptct.net
2025-04-13 09:42:05,360 - INFO - [*] Creating account: user7690252@ptct.net
2025-04-13 09:42:06,800 - INFO - [+] Visited signup page to get cookies
2025-04-13 09:42:08,801 - INFO - [*] Making request with proxy: http://bsjxixgn:gsx3ekjhuord@38.153.152.244:9594
2025-04-13 09:42:10,545 - ERROR - [-] Payment Required error: Payment required

DEPLOYMENT_DISABLED

iad1::lp6vm-1744517529790-650894b01d1c

2025-04-13 09:42:10,546 - ERROR - [-] Registration failed for user7690252@ptct.net: Payment Required: Payment required

DEPLOYMENT_DISABLED

iad1::lp6vm-1744517529790-650894b01d1c

2025-04-13 09:42:10,546 - ERROR - [-] Account creation failed: Payment Required: Payment required

DEPLOYMENT_DISABLED

iad1::lp6vm-1744517529790-650894b01d1c

2025-04-13 09:42:10,547 - INFO - [-] Account 1 failed
2025-04-13 09:42:10,548 - INFO - 
[+] Done: 0 OK, 1 failed
2025-04-13 09:42:10,548 - INFO - [*] Saved to accounts.json
2025-04-13 09:42:10,548 - INFO - 
[!] 1 accounts left. Retry 1/3
2025-04-13 09:42:10,549 - INFO - Waiting 13899ms...
2025-04-13 09:42:24,448 - INFO - Starting 1 accounts...
2025-04-13 09:42:24,450 - INFO - 
[*] Account 1/1
2025-04-13 09:42:24,451 - INFO - [*] Using proxy: http://bsjxixgn:gsx3ekjhuord@38.153.152.244:9594
2025-04-13 09:42:24,452 - INFO - [+] Created email: user2731935@ptct.net
2025-04-13 09:42:24,453 - INFO - [*] Creating account: user2731935@ptct.net
2025-04-13 09:42:26,305 - INFO - [+] Visited signup page to get cookies
2025-04-13 09:42:28,307 - INFO - [*] Making request with proxy: http://bsjxixgn:gsx3ekjhuord@38.153.152.244:9594
2025-04-13 09:42:30,151 - ERROR - [-] Payment Required error: Payment required

DEPLOYMENT_DISABLED

iad1::ctjcz-1744517549393-5f75ae38e41a

2025-04-13 09:42:30,152 - ERROR - [-] Registration failed for user2731935@ptct.net: Payment Required: Payment required

DEPLOYMENT_DISABLED

iad1::ctjcz-1744517549393-5f75ae38e41a

2025-04-13 09:42:30,152 - ERROR - [-] Account creation failed: Payment Required: Payment required

DEPLOYMENT_DISABLED

iad1::ctjcz-1744517549393-5f75ae38e41a

2025-04-13 09:42:30,153 - INFO - [-] Account 1 failed
2025-04-13 09:42:30,153 - INFO - 
[+] Done: 0 OK, 1 failed
2025-04-13 09:42:30,153 - INFO - [*] Saved to accounts.json
2025-04-13 09:42:30,154 - INFO - 
[!] 1 accounts left. Retry 2/3
2025-04-13 09:42:30,154 - INFO - Waiting 13395ms...
2025-04-13 09:42:43,550 - INFO - Starting 1 accounts...
2025-04-13 09:42:43,551 - INFO - 
[*] Account 1/1
2025-04-13 09:42:43,552 - INFO - [*] Using proxy: http://bsjxixgn:gsx3ekjhuord@38.153.152.244:9594
2025-04-13 09:42:43,552 - INFO - [+] Created email: user3006140@ptct.net
2025-04-13 09:42:43,553 - INFO - [*] Creating account: user3006140@ptct.net
2025-04-13 09:42:45,526 - INFO - [+] Visited signup page to get cookies
2025-04-13 09:42:47,527 - INFO - [*] Making request with proxy: http://bsjxixgn:gsx3ekjhuord@38.153.152.244:9594
2025-04-13 09:42:49,196 - ERROR - [-] Payment Required error: Payment required

DEPLOYMENT_DISABLED

iad1::grxfh-1744517568448-8378e70e7f22

2025-04-13 09:42:49,197 - ERROR - [-] Registration failed for user3006140@ptct.net: Payment Required: Payment required

DEPLOYMENT_DISABLED

iad1::grxfh-1744517568448-8378e70e7f22

2025-04-13 09:42:49,198 - ERROR - [-] Account creation failed: Payment Required: Payment required

DEPLOYMENT_DISABLED

iad1::grxfh-1744517568448-8378e70e7f22

2025-04-13 09:42:49,199 - INFO - [-] Account 1 failed
2025-04-13 09:42:49,199 - INFO - 
[+] Done: 0 OK, 1 failed
2025-04-13 09:42:49,200 - INFO - [*] Saved to accounts.json
2025-04-13 09:42:49,200 - INFO - 
[!] 1 accounts left. Retry 3/3
2025-04-13 09:42:49,201 - INFO - 
[-] Failed to create all accounts after 3 retries
2025-04-13 09:42:49,201 - INFO - Created 0/1
2025-04-13 09:43:31,385 - INFO - [+] Loaded referral code: 05c138f7-3c98-41c0-af7d-8e7a4196cff6
2025-04-13 09:43:31,386 - INFO - [*] Raw file content: 'bsjxixgn:gsx3ekjhuord@38.153.152.244:9594 '
2025-04-13 09:43:31,386 - INFO - [*] Found 1 non-empty lines in proxies.txt
2025-04-13 09:43:31,387 - INFO - [*] Line 1: 'bsjxixgn:gsx3ekjhuord@38.153.152.244:9594'
2025-04-13 09:43:31,387 - INFO - [*] Processing proxy line: bsjxixgn:gsx3ekjhuord@38.153.152.244:9594
2025-04-13 09:43:31,388 - INFO - [+] Parsed proxy: 38.153.152.244:9594 with auth
2025-04-13 09:43:31,388 - INFO - [+] Added proxy: http://bsjxixgn:gsx3ekjhuord@38.153.152.244:9594
2025-04-13 09:43:31,388 - INFO - [+] Successfully loaded 1 proxies
2025-04-13 09:43:31,388 - INFO - [+] Successfully loaded 1 proxies
2025-04-13 09:43:31,389 - INFO - [+] Proxy 1: http://bsjxixgn:gsx3ekjhuord@38.153.152.244:9594
2025-04-13 09:43:31,389 - INFO - [+] Loaded 2 existing accounts from accounts.json
2025-04-13 09:43:31,390 - INFO - [*] Using proxy: http://bsjxixgn:gsx3ekjhuord@38.153.152.244:9594
2025-04-13 09:43:31,390 - INFO - [*] Testing website accessibility with proxy: http://bsjxixgn:gsx3ekjhuord@38.153.152.244:9594
2025-04-13 09:43:33,314 - WARNING - [!] Website returned status code 402
2025-04-13 12:22:17,746 - INFO - [+] Loaded referral code: 05c138f7-3c98-41c0-af7d-8e7a4196cff6
2025-04-13 12:22:17,748 - INFO - [*] Raw file content: 'bsjxixgn:gsx3ekjhuord@38.153.152.244:9594 '
2025-04-13 12:22:17,748 - INFO - [*] Found 1 non-empty lines in proxies.txt
2025-04-13 12:22:17,749 - INFO - [*] Line 1: 'bsjxixgn:gsx3ekjhuord@38.153.152.244:9594'
2025-04-13 12:22:17,750 - INFO - [*] Processing proxy line: bsjxixgn:gsx3ekjhuord@38.153.152.244:9594
2025-04-13 12:22:17,750 - INFO - [+] Parsed proxy: 38.153.152.244:9594 with auth
2025-04-13 12:22:17,751 - INFO - [+] Added proxy: http://bsjxixgn:gsx3ekjhuord@38.153.152.244:9594
2025-04-13 12:22:17,752 - INFO - [+] Successfully loaded 1 proxies
2025-04-13 12:22:17,752 - INFO - [+] Successfully loaded 1 proxies
2025-04-13 12:22:17,753 - INFO - [+] Proxy 1: http://bsjxixgn:gsx3ekjhuord@38.153.152.244:9594
2025-04-13 12:22:17,757 - INFO - [+] Loaded 2 existing accounts from accounts.json
2025-04-13 12:22:17,759 - INFO - [*] Using proxy: http://bsjxixgn:gsx3ekjhuord@38.153.152.244:9594
2025-04-13 12:22:17,760 - INFO - [*] Testing website accessibility with proxy: http://bsjxixgn:gsx3ekjhuord@38.153.152.244:9594
2025-04-13 12:22:19,699 - INFO - [+] Website is accessible
2025-04-13 12:22:54,825 - INFO - Starting 1 accounts...
2025-04-13 12:22:54,826 - INFO - 
[*] Account 1/1
2025-04-13 12:22:54,827 - INFO - [*] Using proxy: http://bsjxixgn:gsx3ekjhuord@38.153.152.244:9594
2025-04-13 12:22:54,828 - INFO - [+] Created email: user4984002@ptct.net
2025-04-13 12:22:54,829 - INFO - [*] Creating account: user4984002@ptct.net
2025-04-13 12:22:56,672 - INFO - [+] Visited signup page to get cookies
2025-04-13 12:22:58,674 - INFO - [*] Making request with proxy: http://bsjxixgn:gsx3ekjhuord@38.153.152.244:9594
2025-04-13 12:23:00,688 - INFO - [+] Successfully registered: user4984002@ptct.net
2025-04-13 12:23:00,689 - INFO - Waiting 2s...
2025-04-13 12:23:04,426 - INFO - [+] Visited login page to get cookies
2025-04-13 12:23:06,427 - INFO - [*] Making request with proxy: http://bsjxixgn:gsx3ekjhuord@38.153.152.244:9594
2025-04-13 12:23:08,467 - INFO - Login data: userId=9d48412a-28bd-4034-a1f5-d1f7b500741e, hasToken=False
2025-04-13 12:23:08,468 - INFO - Cookies: Present
2025-04-13 12:23:08,469 - INFO - [+] Token from cookie
2025-04-13 12:23:08,469 - INFO - [+] Logged in: user4984002@ptct.net
2025-04-13 12:23:08,470 - INFO - [+] Token: eyJhbGciOiJIUzI1NiIs...
2025-04-13 12:23:08,471 - INFO - [*] User ID: 9d48412a-28bd-4034-a1f5-d1f7b500741e
2025-04-13 12:23:08,471 - INFO - Waiting 2s...
2025-04-13 12:23:10,472 - INFO - [*] Making request with proxy: http://bsjxixgn:gsx3ekjhuord@38.153.152.244:9594
2025-04-13 12:23:12,316 - INFO - [+] Auth check OK
2025-04-13 12:23:12,317 - INFO - [*] Making request with proxy: http://bsjxixgn:gsx3ekjhuord@38.153.152.244:9594
2025-04-13 12:23:14,226 - INFO - [+] Task 1 done for user: 9d48412a-28bd-4034-a1f5-d1f7b500741e
2025-04-13 12:23:15,976 - INFO - [*] Making request with proxy: http://bsjxixgn:gsx3ekjhuord@38.153.152.244:9594
2025-04-13 12:23:19,174 - INFO - [+] Task 2 done for user: 9d48412a-28bd-4034-a1f5-d1f7b500741e
2025-04-13 12:23:20,816 - INFO - [*] Making request with proxy: http://bsjxixgn:gsx3ekjhuord@38.153.152.244:9594
2025-04-13 12:23:22,618 - INFO - [+] Task 3 done for user: 9d48412a-28bd-4034-a1f5-d1f7b500741e
2025-04-13 12:23:23,900 - INFO - [*] Making request with proxy: http://bsjxixgn:gsx3ekjhuord@38.153.152.244:9594
2025-04-13 12:23:25,644 - INFO - [+] Task 4 done for user: 9d48412a-28bd-4034-a1f5-d1f7b500741e
2025-04-13 12:23:27,455 - INFO - [*] Making request with proxy: http://bsjxixgn:gsx3ekjhuord@38.153.152.244:9594
2025-04-13 12:23:29,234 - INFO - [+] Task 5 done for user: 9d48412a-28bd-4034-a1f5-d1f7b500741e
2025-04-13 12:23:30,303 - INFO - [*] Making request with proxy: http://bsjxixgn:gsx3ekjhuord@38.153.152.244:9594
2025-04-13 12:23:32,094 - INFO - [+] Task 6 done for user: 9d48412a-28bd-4034-a1f5-d1f7b500741e
2025-04-13 12:23:33,188 - INFO - [*] Making request with proxy: http://bsjxixgn:gsx3ekjhuord@38.153.152.244:9594
2025-04-13 12:23:36,115 - INFO - [+] Task 7 done for user: 9d48412a-28bd-4034-a1f5-d1f7b500741e
2025-04-13 12:23:37,227 - INFO - [*] Wallet: 0x68884E9c6AAB85CAf2d3e3B2c857e79EFbAE4af8
2025-04-13 12:23:37,228 - INFO - [*] Making request with proxy: http://bsjxixgn:gsx3ekjhuord@38.153.152.244:9594
2025-04-13 12:23:40,311 - WARNING - Request failed (attempt 1/3): 500 Server Error: Internal Server Error for url: https://billipad.finance/api/withdraw. Retrying in 2s...
2025-04-13 12:23:42,313 - INFO - [*] Making request with proxy: http://bsjxixgn:gsx3ekjhuord@38.153.152.244:9594
2025-04-13 12:23:44,842 - WARNING - Request failed (attempt 2/3): 500 Server Error: Internal Server Error for url: https://billipad.finance/api/withdraw. Retrying in 4s...
2025-04-13 12:23:48,844 - INFO - [*] Making request with proxy: http://bsjxixgn:gsx3ekjhuord@38.153.152.244:9594
2025-04-13 12:23:50,659 - ERROR - Request error after 3 attempts: 500 Server Error: Internal Server Error for url: https://billipad.finance/api/withdraw
2025-04-13 12:23:50,660 - ERROR - [-] Withdrawal address failed: 500 Server Error: Internal Server Error for url: https://billipad.finance/api/withdraw
2025-04-13 12:23:50,660 - ERROR - [-] Failed to submit withdrawal address: 500 Server Error: Internal Server Error for url: https://billipad.finance/api/withdraw
2025-04-13 12:23:50,663 - INFO - [+] Saved 3 accounts to accounts.json
2025-04-13 12:23:50,664 - INFO - [+] Account created: user4984002@ptct.net
2025-04-13 12:23:50,664 - INFO - [+] Account 1 done
2025-04-13 12:23:50,664 - INFO - 
[+] Done: 1 OK, 0 failed
2025-04-13 12:23:50,665 - INFO - [*] Saved to accounts.json
2025-04-13 12:23:50,665 - INFO - 
[+] All 1 accounts created
2025-04-13 12:26:19,191 - INFO - [+] Loaded referral code: 05c138f7-3c98-41c0-af7d-8e7a4196cff6
2025-04-13 12:26:19,193 - INFO - [*] Raw file content: 'bsjxixgn:gsx3ekjhuord@38.153.152.244:9594 '
2025-04-13 12:26:19,194 - INFO - [*] Found 1 non-empty lines in proxies.txt
2025-04-13 12:26:19,195 - INFO - [*] Line 1: 'bsjxixgn:gsx3ekjhuord@38.153.152.244:9594'
2025-04-13 12:26:19,195 - INFO - [*] Processing proxy line: bsjxixgn:gsx3ekjhuord@38.153.152.244:9594
2025-04-13 12:26:19,196 - INFO - [+] Parsed proxy: 38.153.152.244:9594 with auth
2025-04-13 12:26:19,197 - INFO - [+] Added proxy: http://bsjxixgn:gsx3ekjhuord@38.153.152.244:9594
2025-04-13 12:26:19,197 - INFO - [+] Successfully loaded 1 proxies
2025-04-13 12:26:19,198 - INFO - [+] Successfully loaded 1 proxies
2025-04-13 12:26:19,199 - INFO - [+] Proxy 1: http://bsjxixgn:gsx3ekjhuord@38.153.152.244:9594
2025-04-13 12:26:19,200 - INFO - [+] Loaded 3 existing accounts from accounts.json
2025-04-13 12:26:19,201 - INFO - [*] Using proxy: http://bsjxixgn:gsx3ekjhuord@38.153.152.244:9594
2025-04-13 12:26:19,202 - INFO - [*] Testing website accessibility with proxy: http://bsjxixgn:gsx3ekjhuord@38.153.152.244:9594
2025-04-13 12:26:21,143 - INFO - [+] Website is accessible
2025-04-13 12:26:23,700 - INFO - Starting 1 accounts...
2025-04-13 12:26:23,702 - INFO - 
[*] Account 1/1
2025-04-13 12:26:23,703 - INFO - [*] Using proxy: http://bsjxixgn:gsx3ekjhuord@38.153.152.244:9594
2025-04-13 12:26:23,704 - INFO - [+] Created email: user1243801@ptct.net
2025-04-13 12:26:23,705 - INFO - [*] Creating account: user1243801@ptct.net
2025-04-13 12:26:25,428 - INFO - [+] Visited signup page to get cookies
2025-04-13 12:26:27,430 - INFO - [*] Making request with proxy: http://bsjxixgn:gsx3ekjhuord@38.153.152.244:9594
2025-04-13 12:26:29,837 - INFO - [+] Successfully registered: user1243801@ptct.net
2025-04-13 12:26:29,839 - INFO - Waiting 2s...
2025-04-13 12:26:33,511 - INFO - [+] Visited login page to get cookies
2025-04-13 12:26:35,513 - INFO - [*] Making request with proxy: http://bsjxixgn:gsx3ekjhuord@38.153.152.244:9594
2025-04-13 12:26:38,086 - INFO - Login data: userId=e7f1fbcc-9d64-4231-a78f-ae300191ebd0, hasToken=False
2025-04-13 12:26:38,088 - INFO - Cookies: Present
2025-04-13 12:26:38,089 - INFO - [+] Token from cookie
2025-04-13 12:26:38,090 - INFO - [+] Logged in: user1243801@ptct.net
2025-04-13 12:26:38,091 - INFO - [+] Token: eyJhbGciOiJIUzI1NiIs...
2025-04-13 12:26:38,092 - INFO - [*] User ID: e7f1fbcc-9d64-4231-a78f-ae300191ebd0
2025-04-13 12:26:38,092 - INFO - Waiting 2s...
2025-04-13 12:26:40,093 - INFO - [*] Making request with proxy: http://bsjxixgn:gsx3ekjhuord@38.153.152.244:9594
2025-04-13 12:26:41,896 - INFO - [+] Auth check OK
2025-04-13 12:26:41,899 - INFO - [*] Making request with proxy: http://bsjxixgn:gsx3ekjhuord@38.153.152.244:9594
2025-04-13 12:26:44,130 - INFO - [+] Task 1 done for user: e7f1fbcc-9d64-4231-a78f-ae300191ebd0
2025-04-13 12:26:45,749 - INFO - [*] Making request with proxy: http://bsjxixgn:gsx3ekjhuord@38.153.152.244:9594
2025-04-13 12:26:47,620 - INFO - [+] Task 2 done for user: e7f1fbcc-9d64-4231-a78f-ae300191ebd0
2025-04-13 12:26:49,044 - INFO - [*] Making request with proxy: http://bsjxixgn:gsx3ekjhuord@38.153.152.244:9594
2025-04-13 12:26:51,439 - INFO - [+] Task 3 done for user: e7f1fbcc-9d64-4231-a78f-ae300191ebd0
2025-04-13 12:26:52,539 - INFO - [*] Making request with proxy: http://bsjxixgn:gsx3ekjhuord@38.153.152.244:9594
2025-04-13 12:26:54,414 - INFO - [+] Task 4 done for user: e7f1fbcc-9d64-4231-a78f-ae300191ebd0
2025-04-13 12:26:55,511 - INFO - [*] Making request with proxy: http://bsjxixgn:gsx3ekjhuord@38.153.152.244:9594
2025-04-13 12:26:57,324 - INFO - [+] Task 5 done for user: e7f1fbcc-9d64-4231-a78f-ae300191ebd0
2025-04-13 12:26:58,434 - INFO - [*] Making request with proxy: http://bsjxixgn:gsx3ekjhuord@38.153.152.244:9594
2025-04-13 12:27:00,297 - INFO - [+] Task 6 done for user: e7f1fbcc-9d64-4231-a78f-ae300191ebd0
2025-04-13 12:27:01,719 - INFO - [*] Making request with proxy: http://bsjxixgn:gsx3ekjhuord@38.153.152.244:9594
2025-04-13 12:27:03,869 - INFO - [+] Task 7 done for user: e7f1fbcc-9d64-4231-a78f-ae300191ebd0
2025-04-13 12:27:05,673 - INFO - [*] Wallet: 0x1B2033131b58465C7cFCb47558f4BF64fb0453f5
2025-04-13 12:27:05,674 - INFO - [*] Making request with proxy: http://bsjxixgn:gsx3ekjhuord@38.153.152.244:9594
2025-04-13 12:27:10,801 - WARNING - Request failed (attempt 1/3): 500 Server Error: Internal Server Error for url: https://billipad.finance/api/withdraw. Retrying in 2s...
2025-04-13 12:27:12,803 - INFO - [*] Making request with proxy: http://bsjxixgn:gsx3ekjhuord@38.153.152.244:9594
2025-04-13 12:27:16,378 - WARNING - Request failed (attempt 2/3): 500 Server Error: Internal Server Error for url: https://billipad.finance/api/withdraw. Retrying in 4s...
2025-04-13 12:27:20,381 - INFO - [*] Making request with proxy: http://bsjxixgn:gsx3ekjhuord@38.153.152.244:9594
2025-04-13 12:27:29,102 - INFO - [+] Withdrawal address set for user: e7f1fbcc-9d64-4231-a78f-ae300191ebd0
2025-04-13 12:27:29,114 - INFO - [+] Saved 4 accounts to accounts.json
2025-04-13 12:27:29,116 - INFO - [+] Account created: user1243801@ptct.net
2025-04-13 12:27:29,118 - INFO - [+] Account 1 done
2025-04-13 12:27:29,119 - INFO - 
[+] Done: 1 OK, 0 failed
2025-04-13 12:27:29,121 - INFO - [*] Saved to accounts.json
2025-04-13 12:27:29,123 - INFO - 
[+] All 1 accounts created
2025-04-13 13:05:28,342 - INFO - [+] Loaded referral code: 05c138f7-3c98-41c0-af7d-8e7a4196cff6
2025-04-13 13:05:28,344 - INFO - [*] Raw file content: 'bsjxixgn:gsx3ekjhuord@38.153.152.244:9594 \n'
2025-04-13 13:05:28,345 - INFO - [*] Found 1 non-empty lines in proxies.txt
2025-04-13 13:05:28,345 - INFO - [*] Line 1: 'bsjxixgn:gsx3ekjhuord@38.153.152.244:9594'
2025-04-13 13:05:28,346 - INFO - [*] Processing proxy line: bsjxixgn:gsx3ekjhuord@38.153.152.244:9594
2025-04-13 13:05:28,346 - INFO - [+] Parsed proxy: 38.153.152.244:9594 with auth
2025-04-13 13:05:28,346 - INFO - [+] Added proxy: http://bsjxixgn:gsx3ekjhuord@38.153.152.244:9594
2025-04-13 13:05:28,347 - INFO - [+] Successfully loaded 1 proxies
2025-04-13 13:05:28,347 - INFO - [+] Successfully loaded 1 proxies
2025-04-13 13:05:28,348 - INFO - [+] Proxy 1: http://bsjxixgn:gsx3ekjhuord@38.153.152.244:9594
2025-04-13 13:05:28,349 - INFO - [+] Loaded 4 existing accounts from accounts.json
2025-04-13 13:05:28,350 - INFO - [*] Using proxy: http://bsjxixgn:gsx3ekjhuord@38.153.152.244:9594
2025-04-13 13:05:28,350 - INFO - [*] Testing website accessibility with proxy: http://bsjxixgn:gsx3ekjhuord@38.153.152.244:9594
2025-04-13 13:05:31,092 - INFO - [+] Website is accessible
2025-04-13 13:05:40,680 - INFO - Starting 1 accounts...
2025-04-13 13:05:40,682 - INFO - 
[*] Account 1/1
2025-04-13 13:05:40,682 - INFO - [*] Using proxy: http://bsjxixgn:gsx3ekjhuord@38.153.152.244:9594
2025-04-13 13:05:40,683 - INFO - [+] Created email: user2887192@ptct.net
2025-04-13 13:05:40,684 - INFO - [*] Creating account: user2887192@ptct.net
2025-04-13 13:05:42,622 - INFO - [+] Visited signup page to get cookies
2025-04-13 13:05:44,625 - INFO - [*] Making request with proxy: http://bsjxixgn:gsx3ekjhuord@38.153.152.244:9594
2025-04-13 13:05:49,619 - INFO - [+] Successfully registered: user2887192@ptct.net
2025-04-13 13:05:49,620 - INFO - Waiting 2s...
2025-04-13 13:05:53,660 - INFO - [+] Visited login page to get cookies
2025-04-13 13:05:55,661 - INFO - [*] Making request with proxy: http://bsjxixgn:gsx3ekjhuord@38.153.152.244:9594
2025-04-13 13:05:58,094 - INFO - Login data: userId=b7e9d229-9d8b-4c42-8551-e55c63c22479, hasToken=False
2025-04-13 13:05:58,095 - INFO - Cookies: Present
2025-04-13 13:05:58,097 - INFO - [+] Token from cookie
2025-04-13 13:05:58,098 - INFO - [+] Logged in: user2887192@ptct.net
2025-04-13 13:05:58,099 - INFO - [+] Token: eyJhbGciOiJIUzI1NiIs...
2025-04-13 13:05:58,101 - INFO - [*] User ID: b7e9d229-9d8b-4c42-8551-e55c63c22479
2025-04-13 13:05:58,102 - INFO - Waiting 2s...
2025-04-13 13:06:00,103 - INFO - [*] Making request with proxy: http://bsjxixgn:gsx3ekjhuord@38.153.152.244:9594
2025-04-13 13:06:02,559 - INFO - [+] Auth check OK
2025-04-13 13:06:02,560 - INFO - [*] Making request with proxy: http://bsjxixgn:gsx3ekjhuord@38.153.152.244:9594
2025-04-13 13:06:04,643 - WARNING - Request failed (attempt 1/3): 500 Server Error: Internal Server Error for url: https://billipad.finance/api/referral?userId=b7e9d229-9d8b-4c42-8551-e55c63c22479. Retrying in 2s...
2025-04-13 13:06:06,645 - INFO - [*] Making request with proxy: http://bsjxixgn:gsx3ekjhuord@38.153.152.244:9594
2025-04-13 13:06:08,536 - INFO - [+] Task 1 done for user: b7e9d229-9d8b-4c42-8551-e55c63c22479
2025-04-13 13:06:10,461 - INFO - [*] Making request with proxy: http://bsjxixgn:gsx3ekjhuord@38.153.152.244:9594
2025-04-13 13:06:13,755 - INFO - [+] Task 2 done for user: b7e9d229-9d8b-4c42-8551-e55c63c22479
2025-04-13 13:06:15,129 - INFO - [*] Making request with proxy: http://bsjxixgn:gsx3ekjhuord@38.153.152.244:9594
2025-04-13 13:06:17,172 - WARNING - Request failed (attempt 1/3): 500 Server Error: Internal Server Error for url: https://billipad.finance/api/referral?userId=b7e9d229-9d8b-4c42-8551-e55c63c22479. Retrying in 2s...
2025-04-13 13:06:19,174 - INFO - [*] Making request with proxy: http://bsjxixgn:gsx3ekjhuord@38.153.152.244:9594
2025-04-13 13:06:21,299 - INFO - [+] Task 3 done for user: b7e9d229-9d8b-4c42-8551-e55c63c22479
2025-04-13 13:06:22,848 - INFO - [*] Making request with proxy: http://bsjxixgn:gsx3ekjhuord@38.153.152.244:9594
2025-04-13 13:06:25,913 - INFO - [+] Task 4 done for user: b7e9d229-9d8b-4c42-8551-e55c63c22479
2025-04-13 13:06:27,019 - INFO - [*] Making request with proxy: http://bsjxixgn:gsx3ekjhuord@38.153.152.244:9594
2025-04-13 13:06:34,557 - INFO - [+] Task 5 done for user: b7e9d229-9d8b-4c42-8551-e55c63c22479
2025-04-13 13:06:35,979 - INFO - [*] Making request with proxy: http://bsjxixgn:gsx3ekjhuord@38.153.152.244:9594
2025-04-13 13:06:39,195 - INFO - [+] Task 6 done for user: b7e9d229-9d8b-4c42-8551-e55c63c22479
2025-04-13 13:06:40,929 - INFO - [*] Making request with proxy: http://bsjxixgn:gsx3ekjhuord@38.153.152.244:9594
2025-04-13 13:06:42,722 - WARNING - Request failed (attempt 1/3): 500 Server Error: Internal Server Error for url: https://billipad.finance/api/referral?userId=b7e9d229-9d8b-4c42-8551-e55c63c22479. Retrying in 2s...
2025-04-13 13:06:44,723 - INFO - [*] Making request with proxy: http://bsjxixgn:gsx3ekjhuord@38.153.152.244:9594
2025-04-13 13:06:46,567 - INFO - [+] Task 7 done for user: b7e9d229-9d8b-4c42-8551-e55c63c22479
2025-04-13 13:06:48,040 - INFO - [*] Wallet: 0xE29DF12898bE7E9fCd5d62b0a9379D25dAFbCC66
2025-04-13 13:06:48,041 - INFO - [*] Making request with proxy: http://bsjxixgn:gsx3ekjhuord@38.153.152.244:9594
2025-04-13 13:06:50,140 - INFO - [+] Withdrawal address set for user: b7e9d229-9d8b-4c42-8551-e55c63c22479
2025-04-13 13:06:50,144 - INFO - [+] Saved 5 accounts to accounts.json
2025-04-13 13:06:50,145 - INFO - [+] Account created: user2887192@ptct.net
2025-04-13 13:06:50,145 - INFO - [+] Account 1 done
2025-04-13 13:06:50,146 - INFO - 
[+] Done: 1 OK, 0 failed
2025-04-13 13:06:50,147 - INFO - [*] Saved to accounts.json
2025-04-13 13:06:50,147 - INFO - 
[+] All 1 accounts created
<<<<<<< HEAD
>>>>>>> e34f9e6 (Updated features or bug fixes)
2025-04-13 15:19:59,216 - INFO - [+] Loaded referral code: 05c138f7-3c98-41c0-af7d-8e7a4196cff6
2025-04-13 15:19:59,217 - INFO - [*] Raw file content: 'bsjxixgn:gsx3ekjhuord@38.153.152.244:9594 \n'
2025-04-13 15:19:59,218 - INFO - [*] Found 1 non-empty lines in proxies.txt
2025-04-13 15:19:59,218 - INFO - [*] Line 1: 'bsjxixgn:gsx3ekjhuord@38.153.152.244:9594'
2025-04-13 15:19:59,219 - INFO - [*] Processing proxy line: bsjxixgn:gsx3ekjhuord@38.153.152.244:9594
2025-04-13 15:19:59,220 - INFO - [+] Parsed proxy: 38.153.152.244:9594 with auth
2025-04-13 15:19:59,220 - INFO - [+] Added proxy: http://bsjxixgn:gsx3ekjhuord@38.153.152.244:9594
2025-04-13 15:19:59,221 - INFO - [+] Successfully loaded 1 proxies
2025-04-13 15:19:59,221 - INFO - [+] Successfully loaded 1 proxies
2025-04-13 15:19:59,222 - INFO - [+] Proxy 1: http://bsjxixgn:gsx3ekjhuord@38.153.152.244:9594
2025-04-13 15:19:59,222 - INFO - [+] Loaded 5 existing accounts from accounts.json
2025-04-13 15:19:59,223 - INFO - [*] Using proxy: http://bsjxixgn:gsx3ekjhuord@38.153.152.244:9594
2025-04-13 15:19:59,223 - INFO - [*] Testing website accessibility with proxy: http://bsjxixgn:gsx3ekjhuord@38.153.152.244:9594
2025-04-13 15:20:01,285 - INFO - [+] Website is accessible
2025-04-13 15:20:04,730 - INFO - Starting 1 accounts...
2025-04-13 15:20:04,731 - INFO - 
[*] Account 1/1
2025-04-13 15:20:04,732 - INFO - [*] Using proxy: http://bsjxixgn:gsx3ekjhuord@38.153.152.244:9594
2025-04-13 15:20:04,733 - INFO - [+] Created email: user7989537@ptct.net
2025-04-13 15:20:04,733 - INFO - [*] Creating account: user7989537@ptct.net
2025-04-13 15:20:06,494 - INFO - [+] Visited signup page to get cookies
2025-04-13 15:20:08,495 - INFO - [*] Making request with proxy: http://bsjxixgn:gsx3ekjhuord@38.153.152.244:9594
2025-04-13 15:20:12,697 - INFO - [+] Successfully registered: user7989537@ptct.net
2025-04-13 15:20:12,698 - INFO - Waiting 2s...
2025-04-13 15:20:16,872 - INFO - [+] Visited login page to get cookies
2025-04-13 15:20:18,873 - INFO - [*] Making request with proxy: http://bsjxixgn:gsx3ekjhuord@38.153.152.244:9594
2025-04-13 15:20:21,340 - INFO - Login data: userId=58bbd260-6fdc-44d6-adef-a72f137cb1fc, hasToken=False
2025-04-13 15:20:21,341 - INFO - Cookies: Present
2025-04-13 15:20:21,342 - INFO - [+] Token from cookie
2025-04-13 15:20:21,343 - INFO - [+] Logged in: user7989537@ptct.net
2025-04-13 15:20:21,345 - INFO - [+] Token: eyJhbGciOiJIUzI1NiIs...
2025-04-13 15:20:21,345 - INFO - [*] User ID: 58bbd260-6fdc-44d6-adef-a72f137cb1fc
2025-04-13 15:20:21,346 - INFO - Waiting 2s...
2025-04-13 15:20:23,347 - INFO - [*] Making request with proxy: http://bsjxixgn:gsx3ekjhuord@38.153.152.244:9594
2025-04-13 15:20:25,428 - INFO - [+] Auth check OK
2025-04-13 15:20:25,428 - INFO - [*] Making request with proxy: http://bsjxixgn:gsx3ekjhuord@38.153.152.244:9594
2025-04-13 15:20:28,352 - INFO - [+] Task 1 done for user: 58bbd260-6fdc-44d6-adef-a72f137cb1fc
2025-04-13 15:20:29,774 - INFO - [*] Making request with proxy: http://bsjxixgn:gsx3ekjhuord@38.153.152.244:9594
2025-04-13 15:20:32,529 - INFO - [+] Task 2 done for user: 58bbd260-6fdc-44d6-adef-a72f137cb1fc
2025-04-13 15:20:34,224 - INFO - [*] Making request with proxy: http://bsjxixgn:gsx3ekjhuord@38.153.152.244:9594
2025-04-13 15:20:37,130 - INFO - [+] Task 3 done for user: 58bbd260-6fdc-44d6-adef-a72f137cb1fc
2025-04-13 15:20:38,941 - INFO - [*] Making request with proxy: http://bsjxixgn:gsx3ekjhuord@38.153.152.244:9594
2025-04-13 15:20:40,860 - WARNING - Request failed (attempt 1/3): 500 Server Error: Internal Server Error for url: https://billipad.finance/api/referral?userId=58bbd260-6fdc-44d6-adef-a72f137cb1fc. Retrying in 2s...
2025-04-13 15:20:42,861 - INFO - [*] Making request with proxy: http://bsjxixgn:gsx3ekjhuord@38.153.152.244:9594
2025-04-13 15:20:44,552 - WARNING - Request failed (attempt 2/3): 500 Server Error: Internal Server Error for url: https://billipad.finance/api/referral?userId=58bbd260-6fdc-44d6-adef-a72f137cb1fc. Retrying in 4s...
2025-04-13 15:20:48,554 - INFO - [*] Making request with proxy: http://bsjxixgn:gsx3ekjhuord@38.153.152.244:9594
2025-04-13 15:20:50,552 - ERROR - Request error after 3 attempts: 500 Server Error: Internal Server Error for url: https://billipad.finance/api/referral?userId=58bbd260-6fdc-44d6-adef-a72f137cb1fc
2025-04-13 15:20:50,554 - WARNING - [-] Task 4 failed (attempt 1/3): 500 Server Error: Internal Server Error for url: https://billipad.finance/api/referral?userId=58bbd260-6fdc-44d6-adef-a72f137cb1fc. Retrying in 5s...
2025-04-13 15:20:55,556 - INFO - [*] Making request with proxy: http://bsjxixgn:gsx3ekjhuord@38.153.152.244:9594
2025-04-13 15:20:57,752 - WARNING - Request failed (attempt 1/3): 500 Server Error: Internal Server Error for url: https://billipad.finance/api/referral?userId=58bbd260-6fdc-44d6-adef-a72f137cb1fc. Retrying in 2s...
2025-04-13 15:20:59,754 - INFO - [*] Making request with proxy: http://bsjxixgn:gsx3ekjhuord@38.153.152.244:9594
2025-04-13 15:21:03,309 - INFO - [+] Task 4 done for user: 58bbd260-6fdc-44d6-adef-a72f137cb1fc
2025-04-13 15:21:05,109 - INFO - [*] Making request with proxy: http://bsjxixgn:gsx3ekjhuord@38.153.152.244:9594
2025-04-13 15:21:08,311 - INFO - [+] Task 5 done for user: 58bbd260-6fdc-44d6-adef-a72f137cb1fc
2025-04-13 15:21:09,495 - INFO - [*] Making request with proxy: http://bsjxixgn:gsx3ekjhuord@38.153.152.244:9594
2025-04-13 15:21:12,458 - INFO - [+] Task 6 done for user: 58bbd260-6fdc-44d6-adef-a72f137cb1fc
2025-04-13 15:21:13,629 - INFO - [*] Making request with proxy: http://bsjxixgn:gsx3ekjhuord@38.153.152.244:9594
2025-04-13 15:21:16,970 - INFO - [+] Task 7 done for user: 58bbd260-6fdc-44d6-adef-a72f137cb1fc
2025-04-13 15:21:18,034 - INFO - [*] Wallet: 0xf251754de79ebefB31aECd6174aD1009498b0E04
2025-04-13 15:21:18,035 - INFO - [*] Making request with proxy: http://bsjxixgn:gsx3ekjhuord@38.153.152.244:9594
2025-04-13 15:21:20,325 - INFO - [+] Withdrawal address set for user: 58bbd260-6fdc-44d6-adef-a72f137cb1fc
2025-04-13 15:21:20,328 - INFO - [+] Saved 6 accounts to accounts.json
2025-04-13 15:21:20,331 - INFO - [+] Account created: user7989537@ptct.net
2025-04-13 15:21:20,331 - INFO - [+] Account 1 done
2025-04-13 15:21:20,332 - INFO - 
[+] Done: 1 OK, 0 failed
2025-04-13 15:21:20,332 - INFO - [*] Saved to accounts.json
2025-04-13 15:21:20,333 - INFO - 
[+] All 1 accounts created
2025-04-14 22:16:59,103 - INFO - [+] Loaded referral code: 05c138f7-3c98-41c0-af7d-8e7a4196cff6
2025-04-14 22:16:59,104 - INFO - [*] Raw file content: 'bsjxixgn:gsx3ekjhuord@38.153.152.244:9594 \n'
2025-04-14 22:16:59,105 - INFO - [*] Found 1 non-empty lines in proxies.txt
2025-04-14 22:16:59,105 - INFO - [*] Line 1: 'bsjxixgn:gsx3ekjhuord@38.153.152.244:9594'
2025-04-14 22:16:59,105 - INFO - [*] Processing proxy line: bsjxixgn:gsx3ekjhuord@38.153.152.244:9594
2025-04-14 22:16:59,105 - INFO - [+] Parsed proxy: 38.153.152.244:9594 with auth
2025-04-14 22:16:59,106 - INFO - [+] Added proxy: http://bsjxixgn:gsx3ekjhuord@38.153.152.244:9594
2025-04-14 22:16:59,106 - INFO - [+] Successfully loaded 1 proxies
2025-04-14 22:16:59,106 - INFO - [+] Successfully loaded 1 proxies
2025-04-14 22:16:59,106 - INFO - [+] Proxy 1: http://bsjxixgn:gsx3ekjhuord@38.153.152.244:9594
2025-04-14 22:16:59,107 - INFO - [+] Loaded 6 existing accounts from accounts.json
2025-04-14 22:16:59,107 - INFO - [*] Using proxy: http://bsjxixgn:gsx3ekjhuord@38.153.152.244:9594
2025-04-14 22:16:59,108 - INFO - [*] Testing website accessibility with proxy: http://bsjxixgn:gsx3ekjhuord@38.153.152.244:9594
2025-04-14 22:17:01,029 - INFO - [+] Website is accessible
=======
>>>>>>> e7354fb9863b184dadd86cf14240a7ae60918c0e
